// Jest Snapshot v1, https://goo.gl/fbAQLP

exports[`----TEST OF THE CARD--- take a snapshot of the card component 1`] = `ShallowWrapper {}`;
