// Jest Snapshot v1, https://goo.gl/fbAQLP

exports[`----TEST OF THE WRAPPER--- take a snapshot of the wrapper component 1`] = `ShallowWrapper {}`;
